// Vitest Snapshot v1, https://vitest.dev/guide/snapshot.html

exports[`IPC registration contract (#997) > matches the known set of registered channels (snapshot catches drops/renames) 1`] = `
[
  "app:getInfo",
  "app:getShortcuts",
  "bibliography:generate",
  "bibliography:getStyle",
  "bibliography:listStyles",
  "bibliography:setStyle",
  "bookmarks:load",
  "bookmarks:save",
  "citation:renderInline",
  "clipper:getState",
  "clipper:regenerateSecret",
  "clipper:setEnabled",
  "collections:addSource",
  "collections:create",
  "collections:createSmart",
  "collections:delete",
  "collections:deleteSmart",
  "collections:list",
  "collections:removeSource",
  "collections:rename",
  "collections:renameSmart",
  "collections:smartMembers",
  "collections:updateSmartPredicate",
  "compute:browsePython",
  "compute:consentStatus",
  "compute:getPythonSettings",
  "compute:grantConsent",
  "compute:interruptPython",
  "compute:languages",
  "compute:listConsent",
  "compute:probePython",
  "compute:restartPythonKernel",
  "compute:revealAuditLog",
  "compute:revokeConsent",
  "compute:runCell",
  "compute:saveCellOutput",
  "compute:setPythonSettings",
  "conversation:append",
  "conversation:archive",
  "conversation:askUserReply",
  "conversation:cancel",
  "conversation:compact",
  "conversation:create",
  "conversation:fileClaimsDraft",
  "conversation:fileDeleteDraft",
  "conversation:fileDraft",
  "conversation:fileNoteBodyDraft",
  "conversation:filePropertyDraft",
  "conversation:fileRefactorDraft",
  "conversation:fileReorgDraft",
  "conversation:fileSourceDraft",
  "conversation:fileSourcePropertyDraft",
  "conversation:insertComputeDraft",
  "conversation:list",
  "conversation:listActive",
  "conversation:load",
  "conversation:runComputeDraft",
  "conversation:send",
  "conversation:setEffort",
  "conversation:setModel",
  "conversation:uiStateLoad",
  "conversation:uiStateSave",
  "csl:importLocale",
  "csl:importStyle",
  "csl:listUserLocales",
  "csl:listUserStyles",
  "csl:removeLocale",
  "csl:removeStyle",
  "embeddings:related",
  "embeddings:searchText",
  "embeddings:unlinkedMentions",
  "excerpt:getNoteFolder",
  "excerpt:setNoteFolder",
  "export:csv",
  "files:dropImport",
  "formatter:formatContent",
  "formatter:formatFile",
  "formatter:formatFolder",
  "formatter:loadSettings",
  "formatter:saveSettings",
  "git:commit",
  "git:status",
  "graph:aliasEntries",
  "graph:aliasMap",
  "graph:attachExcerptEvidence",
  "graph:excerptSource",
  "graph:export",
  "graph:frontmatterKeys",
  "graph:groundCheck",
  "graph:query",
  "graph:schemaForCompletion",
  "graph:setBaseUri",
  "graph:sourceDetail",
  "history:getRevision",
  "history:list",
  "history:restore",
  "images:cacheExternal",
  "ingest:getSettings",
  "ingest:setSettings",
  "inspections:list",
  "inspections:run",
  "links:backlinks",
  "links:bundle",
  "links:citationsForNote",
  "links:expandNode",
  "links:externalInbound",
  "links:neighborhood",
  "links:outgoing",
  "menu:reportEditorState",
  "menu:reportTheme",
  "notebase:close",
  "notebase:copy",
  "notebase:createFile",
  "notebase:createFolder",
  "notebase:deleteFile",
  "notebase:deleteFolder",
  "notebase:fileExists",
  "notebase:getOnboardingDismissed",
  "notebase:getProperties",
  "notebase:installTutorial",
  "notebase:installTutorialInNewWindow",
  "notebase:listFiles",
  "notebase:merge",
  "notebase:mergePreview",
  "notebase:newProject",
  "notebase:newProjectInNewWindow",
  "notebase:open",
  "notebase:openInNewWindow",
  "notebase:openPath",
  "notebase:openPathInNewWindow",
  "notebase:readBinary",
  "notebase:readFile",
  "notebase:rename",
  "notebase:renameAnchor",
  "notebase:renameExcerpt",
  "notebase:renameSource",
  "notebase:replaceInNotes",
  "notebase:searchInNotes",
  "notebase:setDisplayName",
  "notebase:setOnboardingDismissed",
  "notebase:writeBinary",
  "notebase:writeFile",
  "proposal:approve",
  "proposal:detail",
  "proposal:expire",
  "proposal:list",
  "proposal:reject",
  "proposals:notifyArrival",
  "publish:checkGitHub",
  "publish:checkS3",
  "publish:listExporters",
  "publish:listTargets",
  "publish:removeTarget",
  "publish:resolvePlan",
  "publish:runExport",
  "publish:toGit",
  "publish:upsertTarget",
  "queries:delete",
  "queries:list",
  "queries:move",
  "queries:rename",
  "queries:save",
  "queries:setGroup",
  "queries:setOrder",
  "recent:clear",
  "refactor:applySuggestedLink",
  "refactor:autoLinkApply",
  "refactor:autoLinkInboundApply",
  "refactor:autoLinkInboundSuggest",
  "refactor:autoLinkSuggest",
  "refactor:autoTagApply",
  "refactor:autoTagSuggest",
  "search:query",
  "shell:openExternal",
  "shell:openInDefault",
  "shell:openInTerminal",
  "shell:revealFile",
  "sites:add",
  "sites:list",
  "sites:login",
  "sites:logout",
  "sites:remove",
  "skills:import",
  "skills:list",
  "skills:menuConfig:set",
  "skills:reload",
  "skills:remove",
  "skills:reveal",
  "sources:addTag",
  "sources:applyStubResolution",
  "sources:createExcerpt",
  "sources:createReferenceStubs",
  "sources:delete",
  "sources:finishPdfOcr",
  "sources:hasPdf",
  "sources:importBibtex",
  "sources:importZoteroRdf",
  "sources:ingestFile",
  "sources:ingestIdentifier",
  "sources:ingestSmart",
  "sources:ingestUrl",
  "sources:listAll",
  "sources:merge",
  "sources:mineReferences",
  "sources:queueMembers",
  "sources:readPdf",
  "sources:removeTag",
  "sources:resolveStub",
  "sources:setReadDueBy",
  "sources:setReadStatus",
  "sources:setTitle",
  "sources:stripUpstreamTags",
  "tables:list",
  "tables:query",
  "tabs:load",
  "tabs:save",
  "tags:allNames",
  "tags:list",
  "tags:notesByTag",
  "tags:notesByTagPrefix",
  "tags:sourcesByTag",
  "templates:get",
  "templates:list",
  "templates:saveAs",
  "tool:cancel",
  "tool:checkConnection",
  "tool:consoleLoginBegin",
  "tool:consoleLoginComplete",
  "tool:execute",
  "tool:getKeyStorage",
  "tool:getSettings",
  "tool:prepareConversation",
  "tool:setSettings",
  "types:delete",
  "types:deleteSafely",
  "types:instances",
  "types:list",
  "types:noteProperties",
  "types:rename",
  "types:save",
  "views:delete",
  "views:list",
  "views:rename",
  "views:save",
  "views:setOrder",
  "youtube:thumbnail",
]
`;
